MPLINK 5.09, LINKER
Linker Map File - Created Thu Sep 12 08:58:27 2024

                                 Section Info
                  Section       Type    Address   Location Size(Bytes)
                ---------  ---------  ---------  ---------  ---------
                   .org_0       code   0x000000    program   0x000040
                   .cinit    romdata   0x000020    program   0x000004
.config_2007_BUILD/DEFAULT/PRODUCTION/FIRST_P       code   0x002007    program   0x000002
.config_2008_BUILD/DEFAULT/PRODUCTION/FIRST_P       code   0x002008    program   0x000002



                              Program Memory Usage 
                               Start         End      
                           ---------   ---------      
                            0x000000    0x000021      
                            0x002007    0x002008      
            36 out of 8455 program addresses used, program memory utilization is 0%



                              Symbols - Sorted by Name
                     Name    Address   Location    Storage File                     
                ---------  ---------  ---------  --------- ---------                
                   INICIO   0x000001    program     static C:\Users\User\Downloads\first_patron.X\first_patron.asm
                    LOOP1   0x000010    program     static C:\Users\User\Downloads\first_patron.X\first_patron.asm
                    REP_1   0x000019    program     static C:\Users\User\Downloads\first_patron.X\first_patron.asm
                    REP_2   0x00001b    program     static C:\Users\User\Downloads\first_patron.X\first_patron.asm
                  RETARDO   0x000017    program     static C:\Users\User\Downloads\first_patron.X\first_patron.asm
               SECUENCIA1   0x00000c    program     static C:\Users\User\Downloads\first_patron.X\first_patron.asm



                              Symbols - Sorted by Address
                     Name    Address   Location    Storage File                     
                ---------  ---------  ---------  --------- ---------                
                   INICIO   0x000001    program     static C:\Users\User\Downloads\first_patron.X\first_patron.asm
               SECUENCIA1   0x00000c    program     static C:\Users\User\Downloads\first_patron.X\first_patron.asm
                    LOOP1   0x000010    program     static C:\Users\User\Downloads\first_patron.X\first_patron.asm
                  RETARDO   0x000017    program     static C:\Users\User\Downloads\first_patron.X\first_patron.asm
                    REP_1   0x000019    program     static C:\Users\User\Downloads\first_patron.X\first_patron.asm
                    REP_2   0x00001b    program     static C:\Users\User\Downloads\first_patron.X\first_patron.asm


